---
source: crates/ai/tests/tool_schemas.rs
expression: snapshot
---
{
  "name": "search_activities",
  "parameters": {
    "properties": {
      "accountId": {
        "description": "Filter by account ID (optional, all accounts if not provided)",
        "type": "string"
      },
      "activityType": {
        "description": "Filter by activity type",
        "enum": [
          "BUY",
          "SELL",
          "DIVIDEND",
          "DEPOSIT",
          "WITHDRAWAL",
          "TRANSFER_IN",
          "TRANSFER_OUT",
          "INTEREST",
          "FEE",
          "SPLIT",
          "TAX"
        ],
        "type": "string"
      },
      "dateFrom": {
        "description": "Start date filter in YYYY-MM-DD format (optional)",
        "type": "string"
      },
      "dateTo": {
        "description": "End date filter in YYYY-MM-DD format (optional)",
        "type": "string"
      },
      "page": {
        "default": 1,
        "description": "Page number, 1-based (default: 1)",
        "type": "integer"
      },
      "pageSize": {
        "default": 50,
        "description": "Number of results per page (default: 50, max: 200)",
        "type": "integer"
      },
      "symbol": {
        "description": "Filter by symbol or asset keyword",
        "type": "string"
      }
    },
    "required": [],
    "type": "object"
  }
}
